This file contains any messages produced by compilers while
running configure, to aid debugging if configure makes a mistake.

It was created by configure, which was
generated by GNU Autoconf 2.71.  Invocation command line was

  $ ./configure --no-create --no-recursion

## --------- ##
## Platform. ##
## --------- ##

hostname = runnervm3jyl0
uname -m = x86_64
uname -r = 6.17.0-1015-azure
uname -s = Linux
uname -v = #15~24.04.1-Ubuntu SMP Wed May  6 22:37:49 UTC 2026

/usr/bin/uname -p = x86_64
/bin/uname -X     = unknown

/bin/arch              = x86_64
/usr/bin/arch -k       = unknown
/usr/convex/getsysinfo = unknown
/usr/bin/hostinfo      = unknown
/bin/machine           = unknown
/usr/bin/oslevel       = unknown
/bin/universe          = unknown

PATH: /home/runner/work/_temp/ghcca-node/node/bin/
PATH: /snap/bin/
PATH: /home/runner/.local/bin/
PATH: /opt/pipx_bin/
PATH: /home/runner/.cargo/bin/
PATH: /home/runner/.config/composer/vendor/bin/
PATH: /usr/local/.ghcup/bin/
PATH: /home/runner/.dotnet/tools/
PATH: /usr/local/sbin/
PATH: /usr/local/bin/
PATH: /usr/sbin/
PATH: /usr/bin/
PATH: /sbin/
PATH: /bin/
PATH: /usr/games/
PATH: /usr/local/games/
PATH: /snap/bin/


## ----------- ##
## Core tests. ##
## ----------- ##

configure:2244: looking for aux files: install-sh
configure:2257:  trying ./config/
configure:2268:   ./config/install-sh found
configure:2398: result: Begining autoconfiguration process for THC-pptp-bruter-0.1.4...
configure:2420: checking for a BSD-compatible install
configure:2493: result: /usr/bin/install -c
configure:2504: checking whether build environment is sane
configure:2541: result: yes
configure:2553: checking whether make sets $(MAKE)
configure:2576: result: yes
configure:2602: checking for working aclocal-1.4
configure:2613: result: missing
configure:2617: checking for working autoconf
configure:2624: result: found
configure:2632: checking for working automake-1.4
configure:2643: result: missing
configure:2647: checking for working autoheader
configure:2654: result: found
configure:2662: checking for working makeinfo
configure:2669: result: found
configure:2747: checking for gcc
configure:2768: found /usr/bin/gcc
configure:2779: result: gcc
configure:3132: checking for C compiler version
configure:3141: gcc --version >&5
gcc (Ubuntu 13.3.0-6ubuntu2~24.04.1) 13.3.0
Copyright (C) 2023 Free Software Foundation, Inc.
This is free software; see the source for copying conditions.  There is NO
warranty; not even for MERCHANTABILITY or FITNESS FOR A PARTICULAR PURPOSE.

configure:3152: $? = 0
configure:3141: gcc -v >&5
Using built-in specs.
COLLECT_GCC=gcc
COLLECT_LTO_WRAPPER=/usr/libexec/gcc/x86_64-linux-gnu/13/lto-wrapper
OFFLOAD_TARGET_NAMES=nvptx-none:amdgcn-amdhsa
OFFLOAD_TARGET_DEFAULT=1
Target: x86_64-linux-gnu
Configured with: ../src/configure -v --with-pkgversion='Ubuntu 13.3.0-6ubuntu2~24.04.1' --with-bugurl=file:///usr/share/doc/gcc-13/README.Bugs --enable-languages=c,ada,c++,go,d,fortran,objc,obj-c++,m2 --prefix=/usr --with-gcc-major-version-only --program-suffix=-13 --program-prefix=x86_64-linux-gnu- --enable-shared --enable-linker-build-id --libexecdir=/usr/libexec --without-included-gettext --enable-threads=posix --libdir=/usr/lib --enable-nls --enable-bootstrap --enable-clocale=gnu --enable-libstdcxx-debug --enable-libstdcxx-time=yes --with-default-libstdcxx-abi=new --enable-libstdcxx-backtrace --enable-gnu-unique-object --disable-vtable-verify --enable-plugin --enable-default-pie --with-system-zlib --enable-libphobos-checking=release --with-target-system-zlib=auto --enable-objc-gc=auto --enable-multiarch --disable-werror --enable-cet --with-arch-32=i686 --with-abi=m64 --with-multilib-list=m32,m64,mx32 --enable-multilib --with-tune=generic --enable-offload-targets=nvptx-none=/build/gcc-13-EldibY/gcc-13-13.3.0/debian/tmp-nvptx/usr,amdgcn-amdhsa=/build/gcc-13-EldibY/gcc-13-13.3.0/debian/tmp-gcn/usr --enable-offload-defaulted --without-cuda-driver --enable-checking=release --build=x86_64-linux-gnu --host=x86_64-linux-gnu --target=x86_64-linux-gnu --with-build-config=bootstrap-lto-lean --enable-link-serialization=2
Thread model: posix
Supported LTO compression algorithms: zlib zstd
gcc version 13.3.0 (Ubuntu 13.3.0-6ubuntu2~24.04.1) 
... rest of stderr output deleted ...
configure:3152: $? = 0
configure:3141: gcc -V >&5
gcc: error: unrecognized command-line option '-V'
gcc: fatal error: no input files
compilation terminated.
configure:3152: $? = 1
configure:3141: gcc -qversion >&5
gcc: error: unrecognized command-line option '-qversion'; did you mean '--version'?
gcc: fatal error: no input files
compilation terminated.
configure:3152: $? = 1
configure:3141: gcc -version >&5
gcc: error: unrecognized command-line option '-version'
gcc: fatal error: no input files
compilation terminated.
configure:3152: $? = 1
configure:3172: checking whether the C compiler works
configure:3194: gcc    conftest.c  >&5
configure:3198: $? = 0
configure:3248: result: yes
configure:3251: checking for C compiler default output file name
configure:3253: result: a.out
configure:3259: checking for suffix of executables
configure:3266: gcc -o conftest    conftest.c  >&5
configure:3270: $? = 0
configure:3293: result: 
configure:3315: checking whether we are cross compiling
configure:3323: gcc -o conftest    conftest.c  >&5
configure:3327: $? = 0
configure:3334: ./conftest
configure:3338: $? = 0
configure:3353: result: no
configure:3358: checking for suffix of object files
configure:3381: gcc -c   conftest.c >&5
configure:3385: $? = 0
configure:3407: result: o
configure:3411: checking whether the compiler supports GNU C
configure:3431: gcc -c   conftest.c >&5
configure:3431: $? = 0
configure:3441: result: yes
configure:3452: checking whether gcc accepts -g
configure:3473: gcc -c -g  conftest.c >&5
configure:3473: $? = 0
configure:3517: result: yes
configure:3537: checking for gcc option to enable C11 features
configure:3552: gcc  -c -g -O2  conftest.c >&5
configure:3552: $? = 0
configure:3570: result: none needed
configure:3735: checking for main in -lutil
configure:3755: gcc -o conftest -O2 -Wall  -I/usr/local/include  -I/usr/local/include  -L/usr/local/lib  -L/usr/local/lib conftest.c -lutil   >&5
conftest.c: In function 'main':
conftest.c:14:1: warning: infinite recursion detected [-Winfinite-recursion]
   14 | main (void)
      | ^~~~
conftest.c:16:8: note: recursive call
   16 | return main ();
      |        ^~~~~~~
configure:3755: $? = 0
configure:3765: result: yes
configure:3776: checking for main in -lcrypto
configure:3796: gcc -o conftest -O2 -Wall  -I/usr/local/include  -I/usr/local/include  -L/usr/local/lib  -L/usr/local/lib conftest.c -lcrypto  -lutil  >&5
conftest.c: In function 'main':
conftest.c:15:1: warning: infinite recursion detected [-Winfinite-recursion]
   15 | main (void)
      | ^~~~
conftest.c:17:8: note: recursive call
   17 | return main ();
      |        ^~~~~~~
configure:3796: $? = 0
configure:3806: result: yes
configure:3818: checking for SSL_accept in -lssl
configure:3841: gcc -o conftest -O2 -Wall  -I/usr/local/include  -I/usr/local/include  -L/usr/local/lib  -L/usr/local/lib conftest.c -lssl  -lcrypto -lutil  >&5
configure:3841: $? = 0
configure:3851: result: yes
configure:3864: checking for socket in -lsocket
configure:3887: gcc -o conftest -O2 -Wall  -I/usr/local/include  -I/usr/local/include  -L/usr/local/lib  -L/usr/local/lib conftest.c -lsocket  -lssl -lcrypto -lutil  >&5
/usr/bin/ld: cannot find -lsocket: No such file or directory
collect2: error: ld returned 1 exit status
configure:3887: $? = 1
configure: failed program was:
| /* confdefs.h */
| #define PACKAGE_NAME ""
| #define PACKAGE_TARNAME ""
| #define PACKAGE_VERSION ""
| #define PACKAGE_STRING ""
| #define PACKAGE_BUGREPORT ""
| #define PACKAGE_URL ""
| #define PACKAGE "THC-pptp-bruter"
| #define VERSION "0.1.4"
| #define HAVE_LIBUTIL 1
| #define HAVE_LIBCRYPTO 1
| #define HAVE_LIBSSL 1
| /* end confdefs.h.  */
| 
| /* Override any GCC internal prototype to avoid an error.
|    Use char because int might match the return type of a GCC
|    builtin and then its argument prototype would still apply.  */
| char socket ();
| int
| main (void)
| {
| return socket ();
|   ;
|   return 0;
| }
configure:3897: result: no
configure:3907: checking for gethostbyname in -lnsl
configure:3930: gcc -o conftest -O2 -Wall  -I/usr/local/include  -I/usr/local/include  -L/usr/local/lib  -L/usr/local/lib conftest.c -lnsl  -lssl -lcrypto -lutil  >&5
/usr/bin/ld: cannot find -lnsl: No such file or directory
collect2: error: ld returned 1 exit status
configure:3930: $? = 1
configure: failed program was:
| /* confdefs.h */
| #define PACKAGE_NAME ""
| #define PACKAGE_TARNAME ""
| #define PACKAGE_VERSION ""
| #define PACKAGE_STRING ""
| #define PACKAGE_BUGREPORT ""
| #define PACKAGE_URL ""
| #define PACKAGE "THC-pptp-bruter"
| #define VERSION "0.1.4"
| #define HAVE_LIBUTIL 1
| #define HAVE_LIBCRYPTO 1
| #define HAVE_LIBSSL 1
| /* end confdefs.h.  */
| 
| /* Override any GCC internal prototype to avoid an error.
|    Use char because int might match the return type of a GCC
|    builtin and then its argument prototype would still apply.  */
| char gethostbyname ();
| int
| main (void)
| {
| return gethostbyname ();
|   ;
|   return 0;
| }
configure:3940: result: no
configure:3956: checking for stdio.h
configure:3956: gcc -c -O2 -Wall  -I/usr/local/include  -I/usr/local/include conftest.c >&5
configure:3956: $? = 0
configure:3956: result: yes
configure:3956: checking for stdlib.h
configure:3956: gcc -c -O2 -Wall  -I/usr/local/include  -I/usr/local/include conftest.c >&5
configure:3956: $? = 0
configure:3956: result: yes
configure:3956: checking for string.h
configure:3956: gcc -c -O2 -Wall  -I/usr/local/include  -I/usr/local/include conftest.c >&5
configure:3956: $? = 0
configure:3956: result: yes
configure:3956: checking for inttypes.h
configure:3956: gcc -c -O2 -Wall  -I/usr/local/include  -I/usr/local/include conftest.c >&5
configure:3956: $? = 0
configure:3956: result: yes
configure:3956: checking for stdint.h
configure:3956: gcc -c -O2 -Wall  -I/usr/local/include  -I/usr/local/include conftest.c >&5
configure:3956: $? = 0
configure:3956: result: yes
configure:3956: checking for strings.h
configure:3956: gcc -c -O2 -Wall  -I/usr/local/include  -I/usr/local/include conftest.c >&5
configure:3956: $? = 0
configure:3956: result: yes
configure:3956: checking for sys/stat.h
configure:3956: gcc -c -O2 -Wall  -I/usr/local/include  -I/usr/local/include conftest.c >&5
configure:3956: $? = 0
configure:3956: result: yes
configure:3956: checking for sys/types.h
configure:3956: gcc -c -O2 -Wall  -I/usr/local/include  -I/usr/local/include conftest.c >&5
configure:3956: $? = 0
configure:3956: result: yes
configure:3956: checking for unistd.h
configure:3956: gcc -c -O2 -Wall  -I/usr/local/include  -I/usr/local/include conftest.c >&5
configure:3956: $? = 0
configure:3956: result: yes
configure:3956: checking for sys/time.h
configure:3956: gcc -c -O2 -Wall  -I/usr/local/include  -I/usr/local/include conftest.c >&5
configure:3956: $? = 0
configure:3956: result: yes
configure:3981: checking for grep that handles long lines and -e
configure:4045: result: /usr/bin/grep
configure:4053: checking for egrep
configure:4121: result: /usr/bin/grep -E
configure:4127: checking for fcntl.h
configure:4127: gcc -c -O2 -Wall  -I/usr/local/include  -I/usr/local/include conftest.c >&5
configure:4127: $? = 0
configure:4127: result: yes
configure:4133: checking for strings.h
configure:4133: result: yes
configure:4139: checking for sys/time.h
configure:4139: result: yes
configure:4145: checking for unistd.h
configure:4145: result: yes
configure:4153: checking for an ANSI C-conforming const
configure:4220: gcc -c -O2 -Wall  -I/usr/local/include  -I/usr/local/include conftest.c >&5
configure:4220: $? = 0
configure:4228: result: yes
configure:4247: checking for select
configure:4247: gcc -o conftest -O2 -Wall  -I/usr/local/include  -I/usr/local/include  -L/usr/local/lib  -L/usr/local/lib conftest.c -lssl -lcrypto -lutil  >&5
configure:4247: $? = 0
configure:4247: result: yes
configure:4253: checking for socket
configure:4253: gcc -o conftest -O2 -Wall  -I/usr/local/include  -I/usr/local/include  -L/usr/local/lib  -L/usr/local/lib conftest.c -lssl -lcrypto -lutil  >&5
configure:4253: $? = 0
configure:4253: result: yes
configure:4369: creating ./config.status

## ---------------- ##
## Cache variables. ##
## ---------------- ##

ac_cv_c_compiler_gnu=yes
ac_cv_c_const=yes
ac_cv_env_CC_set=
ac_cv_env_CC_value=
ac_cv_env_CFLAGS_set=
ac_cv_env_CFLAGS_value=
ac_cv_env_CPPFLAGS_set=
ac_cv_env_CPPFLAGS_value=
ac_cv_env_LDFLAGS_set=
ac_cv_env_LDFLAGS_value=
ac_cv_env_LIBS_set=
ac_cv_env_LIBS_value=
ac_cv_env_build_alias_set=
ac_cv_env_build_alias_value=
ac_cv_env_host_alias_set=
ac_cv_env_host_alias_value=
ac_cv_env_target_alias_set=
ac_cv_env_target_alias_value=
ac_cv_func_select=yes
ac_cv_func_socket=yes
ac_cv_header_fcntl_h=yes
ac_cv_header_inttypes_h=yes
ac_cv_header_stdint_h=yes
ac_cv_header_stdio_h=yes
ac_cv_header_stdlib_h=yes
ac_cv_header_string_h=yes
ac_cv_header_strings_h=yes
ac_cv_header_sys_stat_h=yes
ac_cv_header_sys_time_h=yes
ac_cv_header_sys_types_h=yes
ac_cv_header_unistd_h=yes
ac_cv_lib_crypto_main=yes
ac_cv_lib_nsl_gethostbyname=no
ac_cv_lib_socket_socket=no
ac_cv_lib_ssl_SSL_accept=yes
ac_cv_lib_util_main=yes
ac_cv_objext=o
ac_cv_path_EGREP='/usr/bin/grep -E'
ac_cv_path_GREP=/usr/bin/grep
ac_cv_path_install='/usr/bin/install -c'
ac_cv_prog_ac_ct_CC=gcc
ac_cv_prog_cc_c11=
ac_cv_prog_cc_g=yes
ac_cv_prog_cc_stdc=
ac_cv_prog_make_make_set=yes

## ----------------- ##
## Output variables. ##
## ----------------- ##

ACLOCAL='/tmp/workspace/ivan1978asgard-wq/thc-pptp-bruter/config/missing aclocal-1.4'
AUTOCONF='autoconf'
AUTOHEADER='autoheader'
AUTOMAKE='/tmp/workspace/ivan1978asgard-wq/thc-pptp-bruter/config/missing automake-1.4'
CC='gcc'
CFLAGS='-O2 -Wall'
CPPFLAGS=' -I/usr/local/include  -I/usr/local/include'
DEFS='-DHAVE_CONFIG_H'
ECHO_C=''
ECHO_N='-n'
ECHO_T=''
EGREP='/usr/bin/grep -E'
EXEEXT=''
GREP='/usr/bin/grep'
INSTALL_DATA='${INSTALL} -m 644'
INSTALL_PROGRAM='${INSTALL}'
INSTALL_SCRIPT='${INSTALL}'
LDFLAGS=' -L/usr/local/lib  -L/usr/local/lib'
LIBOBJS=''
LIBS='-lssl -lcrypto -lutil '
LTLIBOBJS=''
MAKEINFO='makeinfo'
OBJEXT='o'
PACKAGE='THC-pptp-bruter'
PACKAGE_BUGREPORT=''
PACKAGE_NAME=''
PACKAGE_STRING=''
PACKAGE_TARNAME=''
PACKAGE_URL=''
PACKAGE_VERSION=''
PATH_SEPARATOR=':'
SET_MAKE=''
SHELL='/bin/sh'
VERSION='0.1.4'
ac_ct_CC='gcc'
bindir='${exec_prefix}/bin'
build_alias=''
datadir='${datarootdir}'
datarootdir='${prefix}/share'
docdir='${datarootdir}/doc/${PACKAGE}'
dvidir='${docdir}'
exec_prefix='/usr/local'
host_alias=''
htmldir='${docdir}'
includedir='${prefix}/include'
infodir='${datarootdir}/info'
libdir='${exec_prefix}/lib'
libexecdir='${exec_prefix}/libexec'
localedir='${datarootdir}/locale'
localstatedir='${prefix}/var'
mandir='${datarootdir}/man'
oldincludedir='/usr/include'
pdfdir='${docdir}'
prefix='/usr/local'
program_transform_name='s,x,x,'
psdir='${docdir}'
runstatedir='${localstatedir}/run'
sbindir='${exec_prefix}/sbin'
sharedstatedir='${prefix}/com'
sysconfdir='${prefix}/etc'
target_alias=''

## ----------- ##
## confdefs.h. ##
## ----------- ##

/* confdefs.h */
#define PACKAGE_NAME ""
#define PACKAGE_TARNAME ""
#define PACKAGE_VERSION ""
#define PACKAGE_STRING ""
#define PACKAGE_BUGREPORT ""
#define PACKAGE_URL ""
#define PACKAGE "THC-pptp-bruter"
#define VERSION "0.1.4"
#define HAVE_LIBUTIL 1
#define HAVE_LIBCRYPTO 1
#define HAVE_LIBSSL 1
#define HAVE_STDIO_H 1
#define HAVE_STDLIB_H 1
#define HAVE_STRING_H 1
#define HAVE_INTTYPES_H 1
#define HAVE_STDINT_H 1
#define HAVE_STRINGS_H 1
#define HAVE_SYS_STAT_H 1
#define HAVE_SYS_TYPES_H 1
#define HAVE_UNISTD_H 1
#define HAVE_SYS_TIME_H 1
#define STDC_HEADERS 1
#define HAVE_FCNTL_H 1
#define HAVE_STRINGS_H 1
#define HAVE_SYS_TIME_H 1
#define HAVE_UNISTD_H 1
#define TIME_WITH_SYS_TIME 1
#define HAVE_SELECT 1
#define HAVE_SOCKET 1

configure: exit 0

## ---------------------- ##
## Running config.status. ##
## ---------------------- ##

This file was extended by config.status, which was
generated by GNU Autoconf 2.71.  Invocation command line was

  CONFIG_FILES    = Makefile
  CONFIG_HEADERS  = 
  CONFIG_LINKS    = 
  CONFIG_COMMANDS = 
  $ ./config.status 

on runnervm3jyl0

config.status:827: creating Makefile
config.status:930: WARNING:  'Makefile.in' seems to ignore the --datarootdir setting
config.status:1016: executing default-1 commands

## ---------------------- ##
## Running config.status. ##
## ---------------------- ##

This file was extended by config.status, which was
generated by GNU Autoconf 2.71.  Invocation command line was

  CONFIG_FILES    = 
  CONFIG_HEADERS  = config.h
  CONFIG_LINKS    = 
  CONFIG_COMMANDS = 
  $ ./config.status 

on runnervm3jyl0

config.status:: creating config.h
config.status:: executing default-1 commands

## ---------------------- ##
## Running config.status. ##
## ---------------------- ##

This file was extended by config.status, which was
generated by GNU Autoconf 2.71.  Invocation command line was

  CONFIG_FILES    = src/Makefile
  CONFIG_HEADERS  = 
  CONFIG_LINKS    = 
  CONFIG_COMMANDS = 
  $ ./config.status 

on runnervm3jyl0

config.status:827: creating src/Makefile
config.status:930: WARNING:  'src/Makefile.in' seems to ignore the --datarootdir setting
config.status:1016: executing default-1 commands
